\BOOKMARK [1][-]{section.1}{\376\377\137\025\212\000}{}% 1
\BOOKMARK [1][-]{section.2}{\376\377\166\370\121\163\135\345\117\134}{}% 2
\BOOKMARK [2][-]{subsection.2.1}{\376\377\166\356\150\007\150\300\155\113\145\271\154\325}{section.2}% 3
\BOOKMARK [2][-]{subsection.2.2}{\376\377\215\335\171\273\117\060\213\241\173\227\154\325}{section.2}% 4
\BOOKMARK [2][-]{subsection.2.3}{\376\377\211\306\230\221\124\214\133\236\145\366\150\300\155\113}{section.2}% 5
\BOOKMARK [1][-]{section.3}{\376\377\174\373\176\337\145\271\154\325}{}% 6
\BOOKMARK [2][-]{subsection.3.1}{\376\377\140\073\117\123\150\106\147\266}{section.3}% 7
\BOOKMARK [2][-]{subsection.3.2}{\376\377\221\115\177\156\116\016\123\302\145\160}{section.3}% 8
\BOOKMARK [2][-]{subsection.3.3}{\376\377\000Y\000O\000L\000O\000\040\152\041\127\213\122\240\217\175}{section.3}% 9
\BOOKMARK [2][-]{subsection.3.4}{\376\377\215\335\171\273\213\241\173\227\145\271\154\325}{section.3}% 10
\BOOKMARK [2][-]{subsection.3.5}{\376\377\176\323\147\234\146\076\171\072\116\016\124\112\213\146}{section.3}% 11
\BOOKMARK [1][-]{section.4}{\376\377\133\236\163\260\176\306\202\202}{}% 12
\BOOKMARK [2][-]{subsection.4.1}{\376\377\145\207\116\366\220\011\142\351\116\016\116\244\116\222}{section.4}% 13
\BOOKMARK [2][-]{subsection.4.2}{\376\377\211\306\230\221\131\004\164\006}{section.4}% 14
\BOOKMARK [2][-]{subsection.4.3}{\376\377\144\104\120\317\131\064\133\236\145\366\150\300\155\113}{section.4}% 15
\BOOKMARK [1][-]{section.5}{\376\377\133\236\232\214\116\016\122\006\147\220}{}% 16
\BOOKMARK [2][-]{subsection.5.1}{\376\377\133\236\232\214\213\276\177\156}{section.5}% 17
\BOOKMARK [2][-]{subsection.5.2}{\376\377\176\323\147\234\134\125\171\072}{section.5}% 18
\BOOKMARK [2][-]{subsection.5.3}{\376\377\140\047\200\375\122\006\147\220}{section.5}% 19
\BOOKMARK [1][-]{section.6}{\376\377\176\323\213\272\116\016\134\125\147\033}{}% 20
