\BOOKMARK [1][-]{section.1}{\376\377\000I\000n\000t\000r\000o\000d\000u\000c\000t\000i\000o\000n}{}% 1
\BOOKMARK [1][-]{section.2}{\376\377\000B\000a\000c\000k\000g\000r\000o\000u\000n\000d}{}% 2
\BOOKMARK [2][-]{subsection.2.1}{\376\377\000R\000o\000a\000d\000\040\000s\000e\000g\000m\000e\000n\000t\000a\000t\000i\000o\000n\000\040\000i\000n\000\040\000a\000u\000t\000o\000n\000o\000m\000o\000u\000s\000\040\000d\000r\000i\000v\000i\000n\000g}{section.2}% 3
\BOOKMARK [2][-]{subsection.2.2}{\376\377\000Y\000O\000L\000O\000-\000f\000a\000m\000i\000l\000y\000\040\000i\000n\000s\000t\000a\000n\000c\000e\000\040\000s\000e\000g\000m\000e\000n\000t\000a\000t\000i\000o\000n}{section.2}% 4
\BOOKMARK [2][-]{subsection.2.3}{\376\377\000T\000r\000a\000n\000s\000f\000e\000r\000\040\000l\000e\000a\000r\000n\000i\000n\000g\000\040\000a\000n\000d\000\040\000b\000a\000c\000k\000b\000o\000n\000e\000\040\000f\000r\000e\000e\000z\000i\000n\000g}{section.2}% 5
\BOOKMARK [2][-]{subsection.2.4}{\376\377\000E\000v\000a\000l\000u\000a\000t\000i\000o\000n\000\040\000m\000e\000t\000r\000i\000c\000s}{section.2}% 6
\BOOKMARK [1][-]{section.3}{\376\377\000M\000e\000t\000h\000o\000d}{}% 7
\BOOKMARK [2][-]{subsection.3.1}{\376\377\000P\000i\000p\000e\000l\000i\000n\000e\000\040\000o\000v\000e\000r\000v\000i\000e\000w}{section.3}% 8
\BOOKMARK [2][-]{subsection.3.2}{\376\377\000D\000a\000t\000a\000s\000e\000t\000\040\000c\000o\000n\000s\000t\000r\000u\000c\000t\000i\000o\000n}{section.3}% 9
\BOOKMARK [2][-]{subsection.3.3}{\376\377\000M\000o\000d\000e\000l\000\040\000a\000n\000d\000\040\000t\000r\000a\000i\000n\000i\000n\000g\000\040\000s\000t\000r\000a\000t\000e\000g\000y}{section.3}% 10
\BOOKMARK [2][-]{subsection.3.4}{\376\377\000V\000a\000l\000i\000d\000a\000t\000i\000o\000n\000,\000\040\000i\000n\000f\000e\000r\000e\000n\000c\000e\000,\000\040\000a\000n\000d\000\040\000e\000x\000p\000o\000r\000t}{section.3}% 11
\BOOKMARK [2][-]{subsection.3.5}{\376\377\000R\000e\000p\000r\000o\000d\000u\000c\000i\000b\000i\000l\000i\000t\000y\000\040\000e\000n\000g\000i\000n\000e\000e\000r\000i\000n\000g}{section.3}% 12
\BOOKMARK [1][-]{section.4}{\376\377\000E\000x\000p\000e\000r\000i\000m\000e\000n\000t\000s}{}% 13
\BOOKMARK [2][-]{subsection.4.1}{\376\377\000I\000m\000p\000l\000e\000m\000e\000n\000t\000a\000t\000i\000o\000n\000\040\000d\000e\000t\000a\000i\000l\000s}{section.4}% 14
\BOOKMARK [2][-]{subsection.4.2}{\376\377\000S\000m\000o\000k\000e\000\040\000t\000e\000s\000t\000\040\000o\000n\000\040\000C\000O\000C\000O\0008\000-\000S\000e\000g}{section.4}% 15
\BOOKMARK [2][-]{subsection.4.3}{\376\377\000C\000u\000s\000t\000o\000m\000\040\000r\000o\000a\000d\000\040\000d\000a\000t\000a\000s\000e\000t}{section.4}% 16
\BOOKMARK [2][-]{subsection.4.4}{\376\377\000M\000a\000i\000n\000\040\000t\000r\000a\000i\000n\000i\000n\000g\000\040\000a\000n\000d\000\040\000v\000a\000l\000i\000d\000a\000t\000i\000o\000n\000\040\000r\000e\000s\000u\000l\000t\000s}{section.4}% 17
\BOOKMARK [2][-]{subsection.4.5}{\376\377\000A\000b\000l\000a\000t\000i\000o\000n\000\040\000s\000t\000u\000d\000y\000:\000\040\000f\000r\000o\000z\000e\000n\000\040\000v\000e\000r\000s\000u\000s\000\040\000u\000n\000f\000r\000o\000z\000e\000n\000\040\000b\000a\000c\000k\000b\000o\000n\000e}{section.4}% 18
\BOOKMARK [2][-]{subsection.4.6}{\376\377\000I\000n\000f\000e\000r\000e\000n\000c\000e\000\040\000r\000e\000s\000o\000l\000u\000t\000i\000o\000n\000\040\000a\000n\000d\000\040\000s\000p\000e\000e\000d}{section.4}% 19
\BOOKMARK [2][-]{subsection.4.7}{\376\377\000T\000e\000s\000t\000-\000s\000e\000t\000\040\000i\000n\000f\000e\000r\000e\000n\000c\000e\000\040\000a\000n\000d\000\040\000O\000N\000N\000X\000\040\000e\000x\000p\000o\000r\000t}{section.4}% 20
\BOOKMARK [1][-]{section.5}{\376\377\000C\000o\000n\000c\000l\000u\000s\000i\000o\000n}{}% 21
